../Core/Src/main.c:80:6:HAL_TIM_PeriodElapsedCallback	16	static
../Core/Src/main.c:109:5:main	8	static
../Core/Src/main.c:286:6:SystemClock_Config	88	static
../Core/Src/main.c:332:13:MX_ADC1_Init	24	static
../Core/Src/main.c:384:13:MX_I2C1_Init	8	static
../Core/Src/main.c:418:13:MX_TIM1_Init	96	static
../Core/Src/main.c:493:13:MX_TIM6_Init	16	static
../Core/Src/main.c:531:13:MX_TIM7_Init	16	static
../Core/Src/main.c:569:13:MX_GPIO_Init	56	static
../Core/Src/main.c:712:6:Error_Handler	4	static,ignoring_inline_asm
