../Core/Src/main.c:83:6:HAL_TIM_PeriodElapsedCallback	16	static
../Core/Src/main.c:113:5:main	8	static
../Core/Src/main.c:304:6:SystemClock_Config	88	static
../Core/Src/main.c:350:13:MX_ADC1_Init	24	static
../Core/Src/main.c:402:13:MX_I2C1_Init	8	static
../Core/Src/main.c:436:13:MX_TIM1_Init	96	static
../Core/Src/main.c:511:13:MX_TIM6_Init	16	static
../Core/Src/main.c:549:13:MX_TIM7_Init	16	static
../Core/Src/main.c:587:13:MX_GPIO_Init	56	static
../Core/Src/main.c:730:6:Error_Handler	4	static,ignoring_inline_asm
